Testing milk up.pdf with gpt-4o...
Status: 200
Result: {
  "success": true,
  "uploadId": "upload_1749794656563_ueawmm4ux",
  "status": "partial",
  "supplier": {
    "id": "supplier_mbt8xferbr0ebo1",
    "name": "Auto-detected from milk up.pdf",
    "isNew": false
  },
  "stats": {
    "totalExtracted": 17,
    "successfullyProcessed": 8,
    "newProducts": 9,
    "updatedProducts": 0,
    "errors": 9,
    "processingTimeMs": 80845,
    "estimatedCostUsd": 0.010624999999999999
  },
  "insights": [
    "Average product price: 105235.29 IDR"
  ]
}
